===== 西支5断面_桥下设计河床_三方案叠加_R2013.dxf -> 西支5断面_桥下设计河床_三方案叠加_R2004.dwg =====
Reading DXF file /home/ubuntu/hec_ras/deliverables/cad/design_bed/西支5断面_桥下设计河床_三方案叠加_R2013.dxf
Writing DWG file /home/ubuntu/hec_ras/deliverables/cad/design_bed/dwg/.dwg-build-5zah0r4p/西支5断面_桥下设计河床_三方案叠加_R2004.dwg as r2004
Warning: 
Object TABLESTYLE unsupported
Warning: Unstable Class object 505 TABLESTYLE (0xfff) 1801/4C6
Warning: Downconverting TABLESTYLE with loosing information
Warning: HATCH.num_seeds 1 but seeds NULL; force 0

===== 西支5断面_桥下设计河床_中心方案_叠加_R2013.dxf -> 西支5断面_桥下设计河床_中心方案_叠加_R2004.dwg =====
Reading DXF file /home/ubuntu/hec_ras/deliverables/cad/design_bed/西支5断面_桥下设计河床_中心方案_叠加_R2013.dxf
Writing DWG file /home/ubuntu/hec_ras/deliverables/cad/design_bed/dwg/.dwg-build-5zah0r4p/西支5断面_桥下设计河床_中心方案_叠加_R2004.dwg as r2004
Warning: 
Object TABLESTYLE unsupported
Warning: Unstable Class object 505 TABLESTYLE (0xfff) 1799/4C6
Warning: Downconverting TABLESTYLE with loosing information
Warning: HATCH.num_seeds 1 but seeds NULL; force 0

===== 西支5断面_桥下设计河床_分布型_叠加_R2013.dxf -> 西支5断面_桥下设计河床_分布型_叠加_R2004.dwg =====
Reading DXF file /home/ubuntu/hec_ras/deliverables/cad/design_bed/西支5断面_桥下设计河床_分布型_叠加_R2013.dxf
Writing DWG file /home/ubuntu/hec_ras/deliverables/cad/design_bed/dwg/.dwg-build-5zah0r4p/西支5断面_桥下设计河床_分布型_叠加_R2004.dwg as r2004
Warning: 
Object TABLESTYLE unsupported
Warning: Unstable Class object 505 TABLESTYLE (0xfff) 1799/4C6
Warning: Downconverting TABLESTYLE with loosing information
Warning: HATCH.num_seeds 1 but seeds NULL; force 0

===== 西支5断面_桥下设计河床_局部型_叠加_R2013.dxf -> 西支5断面_桥下设计河床_局部型_叠加_R2004.dwg =====
Reading DXF file /home/ubuntu/hec_ras/deliverables/cad/design_bed/西支5断面_桥下设计河床_局部型_叠加_R2013.dxf
Writing DWG file /home/ubuntu/hec_ras/deliverables/cad/design_bed/dwg/.dwg-build-5zah0r4p/西支5断面_桥下设计河床_局部型_叠加_R2004.dwg as r2004
Warning: 
Object TABLESTYLE unsupported
Warning: Unstable Class object 505 TABLESTYLE (0xfff) 1799/4C6
Warning: Downconverting TABLESTYLE with loosing information
Warning: HATCH.num_seeds 1 but seeds NULL; force 0

===== roundtrip 西支5断面_桥下设计河床_三方案叠加_R2004.dwg =====
Reading DWG file /home/ubuntu/hec_ras/deliverables/cad/design_bed/dwg/西支5断面_桥下设计河床_三方案叠加_R2004.dwg
Writing DXF file 西支5断面_桥下设计河床_三方案叠加_R2004.dxf
Warning: Unstable Class object 505 TABLESTYLE (0xfff) 224/0
ERROR: Preview overflow 1211 + 119 > 1314
Warning: thumbnail.size mismatch: 1314 != 0
Warning: Object handle not found 381/0x17D in 1907 objects of max 0x14DB handles
Warning: Object handle not found 1184/0x4A0 in 1907 objects of max 0x14DB handles
Warning: Object handle not found 1176/0x498 in 1907 objects of max 0x14DB handles
Warning: Object handle not found 1192/0x4A8 in 1907 objects of max 0x14DB handles
Warning: Object handle not found 1176/0x498 in 1907 objects of max 0x14DB handles
Warning: Object handle not found 1184/0x4A0 in 1907 objects of max 0x14DB handles
Warning: Object handle not found 1192/0x4A8 in 1907 objects of max 0x14DB handles

===== roundtrip 西支5断面_桥下设计河床_中心方案_叠加_R2004.dwg =====
Reading DWG file /home/ubuntu/hec_ras/deliverables/cad/design_bed/dwg/西支5断面_桥下设计河床_中心方案_叠加_R2004.dwg
Writing DXF file 西支5断面_桥下设计河床_中心方案_叠加_R2004.dxf
Warning: Unstable Class object 505 TABLESTYLE (0xfff) 224/0
ERROR: Preview overflow 1211 + 119 > 1314
Warning: thumbnail.size mismatch: 1314 != 0
Warning: Object handle not found 381/0x17D in 1905 objects of max 0x14DB handles
Warning: Object handle not found 1184/0x4A0 in 1905 objects of max 0x14DB handles
Warning: Object handle not found 1176/0x498 in 1905 objects of max 0x14DB handles
Warning: Object handle not found 1192/0x4A8 in 1905 objects of max 0x14DB handles
Warning: Object handle not found 1176/0x498 in 1905 objects of max 0x14DB handles
Warning: Object handle not found 1184/0x4A0 in 1905 objects of max 0x14DB handles
Warning: Object handle not found 1192/0x4A8 in 1905 objects of max 0x14DB handles

===== roundtrip 西支5断面_桥下设计河床_分布型_叠加_R2004.dwg =====
Reading DWG file /home/ubuntu/hec_ras/deliverables/cad/design_bed/dwg/西支5断面_桥下设计河床_分布型_叠加_R2004.dwg
Writing DXF file 西支5断面_桥下设计河床_分布型_叠加_R2004.dxf
Warning: Unstable Class object 505 TABLESTYLE (0xfff) 224/0
ERROR: Preview overflow 1211 + 119 > 1314
Warning: thumbnail.size mismatch: 1314 != 0
Warning: Object handle not found 381/0x17D in 1905 objects of max 0x14DB handles
Warning: Object handle not found 1184/0x4A0 in 1905 objects of max 0x14DB handles
Warning: Object handle not found 1176/0x498 in 1905 objects of max 0x14DB handles
Warning: Object handle not found 1192/0x4A8 in 1905 objects of max 0x14DB handles
Warning: Object handle not found 1176/0x498 in 1905 objects of max 0x14DB handles
Warning: Object handle not found 1184/0x4A0 in 1905 objects of max 0x14DB handles
Warning: Object handle not found 1192/0x4A8 in 1905 objects of max 0x14DB handles

===== roundtrip 西支5断面_桥下设计河床_局部型_叠加_R2004.dwg =====
Reading DWG file /home/ubuntu/hec_ras/deliverables/cad/design_bed/dwg/西支5断面_桥下设计河床_局部型_叠加_R2004.dwg
Writing DXF file 西支5断面_桥下设计河床_局部型_叠加_R2004.dxf
Warning: Unstable Class object 505 TABLESTYLE (0xfff) 224/0
ERROR: Preview overflow 1211 + 119 > 1314
Warning: thumbnail.size mismatch: 1314 != 0
Warning: Object handle not found 381/0x17D in 1905 objects of max 0x14DB handles
Warning: Object handle not found 1184/0x4A0 in 1905 objects of max 0x14DB handles
Warning: Object handle not found 1176/0x498 in 1905 objects of max 0x14DB handles
Warning: Object handle not found 1192/0x4A8 in 1905 objects of max 0x14DB handles
Warning: Object handle not found 1176/0x498 in 1905 objects of max 0x14DB handles
Warning: Object handle not found 1184/0x4A0 in 1905 objects of max 0x14DB handles
Warning: Object handle not found 1192/0x4A8 in 1905 objects of max 0x14DB handles

