Reading DWG file /home/ubuntu/hec_ras/data/raw/cad/西支成果.dwg
Writing DXF file /home/ubuntu/hec_ras/data/intermediate/dxf/cad-convert-2kij1t4r/西支成果.dxf
Warning: Unstable Class object 505 MATERIAL (0x481) 184/0
Warning: Unstable Class object 505 MATERIAL (0x481) 192/0
Warning: Unstable Class object 505 MATERIAL (0x481) 200/0
Warning: Unstable Class object 507 TABLESTYLE (0xfff) 230/0
Warning: Ignore invalid handleoff (@22388)
Warning: Ignore invalid handleoff (@24426)
Warning: Ignore invalid handleoff (@26460)
Warning: Ignore invalid handleoff (@28494)
Warning: Ignore invalid handleoff (@30528)
Warning: Ignore invalid handleoff (@32562)
Warning: Ignore invalid handleoff (@34597)
Warning: Ignore invalid handleoff (@36631)
Warning: Ignore invalid handleoff (@38665)
Warning: Ignore invalid handleoff (@40699)
Warning: Ignore invalid handleoff (@42733)
Warning: Ignore invalid handleoff (@44767)
Warning: Ignore invalid handleoff (@46801)
Warning: Ignore invalid handleoff (@48835)
Warning: Ignore invalid handleoff (@50870)
Warning: Ignore invalid handleoff (@52904)
Warning: Ignore invalid handleoff (@54939)
Warning: Ignore invalid handleoff (@56973)
Warning: Ignore invalid handleoff (@59007)
Warning: Ignore invalid handleoff (@61042)
Warning: Ignore invalid handleoff (@63076)
Warning: Ignore invalid handleoff (@65110)
Warning: Ignore invalid handleoff (@67145)
Warning: Ignore invalid handleoff (@69180)
Warning: Ignore invalid handleoff (@71215)
Warning: Unknown Class object 512 VLO-VL (0x81)
Warning: Unknown Class object 512 VLO-VL (0x81)
Warning: Unknown Class object 512 VLO-VL (0x81)
Warning: Unknown Class object 512 VLO-VL (0x81)
Warning: Unknown Class object 512 VLO-VL (0x81)
Warning: Unknown Class object 512 VLO-VL (0x81)
Warning: Unknown Class object 512 VLO-VL (0x81)
Warning: Unknown Class object 512 VLO-VL (0x81)
Warning: Unknown Class object 512 VLO-VL (0x81)
Warning: Unknown Class object 512 VLO-VL (0x81)
Warning: Unknown Class object 512 VLO-VL (0x81)
Warning: Unknown Class object 512 VLO-VL (0x81)
Warning: Unknown Class object 512 VLO-VL (0x81)
Warning: Unknown Class object 512 VLO-VL (0x81)
Warning: Unknown Class object 512 VLO-VL (0x81)
Warning: Unknown Class object 512 VLO-VL (0x81)
Warning: Unknown Class object 512 VLO-VL (0x81)
Warning: Unknown Class object 512 VLO-VL (0x81)
Warning: Unknown Class object 512 VLO-VL (0x81)
Warning: Unstable Class object 513 RAPIDRTRENDERSETTINGS (0x400) 27891/0
Warning: Unstable Class object 515 MENTALRAYRENDERSETTINGS (0x400) 27968/0
Warning: Unstable Class object 505 MATERIAL (0x481) 184/498
Warning: Unstable Class object 505 MATERIAL (0x481) 192/4A0
Warning: Unstable Class object 505 MATERIAL (0x481) 200/4A8
Warning: Unknown object, skipping eed/reactors/xdic
Warning: Unknown object, skipping eed/reactors/xdic
Warning: Unknown object, skipping eed/reactors/xdic
Warning: Unknown object, skipping eed/reactors/xdic
Warning: Unknown object, skipping eed/reactors/xdic
Warning: Unknown object, skipping eed/reactors/xdic
Warning: Unknown object, skipping eed/reactors/xdic
Warning: Unknown object, skipping eed/reactors/xdic
Warning: Unknown object, skipping eed/reactors/xdic
Warning: Unknown object, skipping eed/reactors/xdic
Warning: Unknown object, skipping eed/reactors/xdic
Warning: Unknown object, skipping eed/reactors/xdic
Warning: Unknown object, skipping eed/reactors/xdic
Warning: Unknown object, skipping eed/reactors/xdic
Warning: Unknown object, skipping eed/reactors/xdic
Warning: Unknown object, skipping eed/reactors/xdic
Warning: Unknown object, skipping eed/reactors/xdic
Warning: Unknown object, skipping eed/reactors/xdic
Warning: Unknown object, skipping eed/reactors/xdic
Warning: Unstable Class object 513 RAPIDRTRENDERSETTINGS (0x400) 27891/1C781
Warning: Unstable Class object 515 MENTALRAYRENDERSETTINGS (0x400) 27968/1C7CE
